NAMESPACE            NAME                                             READY   STATUS              RESTARTS   AGE
kube-system          pod/coredns-674b8bbfcf-fdfzg                     1/1     Running             0          3h18m
kube-system          pod/coredns-674b8bbfcf-hcx9v                     1/1     Running             0          3h18m
kube-system          pod/etcd-kind-control-plane                      1/1     Running             0          3h18m
kube-system          pod/kindnet-8mb4r                                1/1     Running             0          3h18m
kube-system          pod/kindnet-cfsns                                1/1     Running             0          3h18m
kube-system          pod/kindnet-l76mw                                1/1     Running             0          3h18m
kube-system          pod/kindnet-qkzhm                                1/1     Running             0          3h18m
kube-system          pod/kindnet-qmf2z                                1/1     Running             0          3h18m
kube-system          pod/kindnet-x8dlb                                1/1     Running             0          3h18m
kube-system          pod/kindnet-zmmm6                                1/1     Running             0          3h18m
kube-system          pod/kube-apiserver-kind-control-plane            1/1     Running             0          3h18m
kube-system          pod/kube-controller-manager-kind-control-plane   1/1     Running             0          3h18m
kube-system          pod/kube-proxy-frwdj                             1/1     Running             0          3h18m
kube-system          pod/kube-proxy-kbdbh                             1/1     Running             0          3h18m
kube-system          pod/kube-proxy-kcg2z                             1/1     Running             0          3h18m
kube-system          pod/kube-proxy-klcrg                             1/1     Running             0          3h18m
kube-system          pod/kube-proxy-lwvv5                             1/1     Running             0          3h18m
kube-system          pod/kube-proxy-mgp89                             1/1     Running             0          3h18m
kube-system          pod/kube-proxy-zmlqj                             1/1     Running             0          3h18m
kube-system          pod/kube-scheduler-kind-control-plane            1/1     Running             0          3h18m
local-path-storage   pod/local-path-provisioner-7dc846544d-z9wzb      1/1     Running             0          3h18m
mysql                pod/mysql-0                                      0/1     ContainerCreating   0          38s

NAMESPACE     NAME                       TYPE        CLUSTER-IP      EXTERNAL-IP   PORT(S)                  AGE
default       service/kubernetes         ClusterIP   10.96.0.1       <none>        443/TCP                  3h18m
kube-system   service/kube-dns           ClusterIP   10.96.0.10      <none>        53/UDP,53/TCP,9153/TCP   3h18m
mysql         service/mysql              ClusterIP   None            <none>        3306/TCP                 14m
todoapp       service/todoapp-nodeport   NodePort    10.96.26.157    <none>        80:30007/TCP             14m
todoapp       service/todoapp-service    ClusterIP   10.96.144.235   <none>        80/TCP                   14m

NAMESPACE     NAME                        DESIRED   CURRENT   READY   UP-TO-DATE   AVAILABLE   NODE SELECTOR            AGE
kube-system   daemonset.apps/kindnet      7         7         7       7            7           kubernetes.io/os=linux   3h18m
kube-system   daemonset.apps/kube-proxy   7         7         7       7            7           kubernetes.io/os=linux   3h18m

NAMESPACE            NAME                                     READY   UP-TO-DATE   AVAILABLE   AGE
kube-system          deployment.apps/coredns                  2/2     2            2           3h18m
local-path-storage   deployment.apps/local-path-provisioner   1/1     1            1           3h18m
todoapp              deployment.apps/todoapp-deployment       0/2     0            0           14m

NAMESPACE            NAME                                                DESIRED   CURRENT   READY   AGE
kube-system          replicaset.apps/coredns-674b8bbfcf                  2         2         2       3h18m
local-path-storage   replicaset.apps/local-path-provisioner-7dc846544d   1         1         1       3h18m
todoapp              replicaset.apps/todoapp-deployment-65fc4ccc7f       2         0         0       14m

NAMESPACE   NAME                     READY   AGE
mysql       statefulset.apps/mysql   0/2     38s

NAMESPACE   NAME                                          REFERENCE                       TARGETS                                     MINPODS   MAXPODS   REPLICAS   AGE
todoapp     horizontalpodautoscaler.autoscaling/todoapp   Deployment/todoapp-deployment   cpu: <unknown>/70%, memory: <unknown>/70%   2         5         2          14m

NAMESPACE            NAME                                                             DATA   AGE
default              configmap/kube-root-ca.crt                                       1      3h18m
kube-node-lease      configmap/kube-root-ca.crt                                       1      3h18m
kube-public          configmap/cluster-info                                           2      3h18m
kube-public          configmap/kube-root-ca.crt                                       1      3h18m
kube-system          configmap/coredns                                                1      3h18m
kube-system          configmap/extension-apiserver-authentication                     6      3h18m
kube-system          configmap/kube-apiserver-legacy-service-account-token-tracking   1      3h18m
kube-system          configmap/kube-proxy                                             2      3h18m
kube-system          configmap/kube-root-ca.crt                                       1      3h18m
kube-system          configmap/kubeadm-config                                         1      3h18m
kube-system          configmap/kubelet-config                                         1      3h18m
local-path-storage   configmap/kube-root-ca.crt                                       1      3h18m
local-path-storage   configmap/local-path-config                                      4      3h18m
mateapp              configmap/kube-root-ca.crt                                       1      3m54s
mysql                configmap/kube-root-ca.crt                                       1      14m
mysql                configmap/mysql                                                  1      14m
todoapp              configmap/kube-root-ca.crt                                       1      14m
todoapp              configmap/todoapp-app-config                                     1      14m

NAMESPACE     NAME                                   TYPE                            DATA   AGE
default       secret/sh.helm.release.v1.todoapp.v1   helm.sh/release.v1              1      14m
default       secret/sh.helm.release.v1.todoapp.v2   helm.sh/release.v1              1      11m
default       secret/sh.helm.release.v1.todoapp.v3   helm.sh/release.v1              1      3m53s
default       secret/sh.helm.release.v1.todoapp.v4   helm.sh/release.v1              1      38s
kube-system   secret/bootstrap-token-abcdef          bootstrap.kubernetes.io/token   6      3h18m
mysql         secret/mysql-secrets                   Opaque                          3      14m
todoapp       secret/todoapp-secret                  Opaque                          5      14m
